
Allocating common symbols
Common symbol       size              file

HF_max_index        0x1               interrupt.o
HF_current_task     0x1               interrupt.o
HF_last_task        0x1               interrupt.o
HF_heap             0x80000           interrupt.o
HF_tick_count       0x4               interrupt.o
HF_free_mem         0x4               interrupt.o
InitStack           0x200             boot.o
HF_heap_info        0x8               malloc.o
HF_task             0x910             interrupt.o
HF_task_entry       0x4               interrupt.o
HF_be               0x1               interrupt.o
HF_schedule         0x1               interrupt.o
HF_tasks            0x1               interrupt.o
pktdrv_mutex        0x10              mpsoc.o
HF_context_switch_cycles
                    0x4               interrupt.o

Discarded input sections

 .reginfo       0x0000000000000000       0x18 interrupt.o
 .reginfo       0x0000000000000000       0x18 hal.o
 .reginfo       0x0000000000000000       0x18 mutex.o
 .reginfo       0x0000000000000000       0x18 ipc.o
 .reginfo       0x0000000000000000       0x18 hflibc.o
 .reginfo       0x0000000000000000       0x18 malloc.o
 .reginfo       0x0000000000000000       0x18 ukernel.o
 .reginfo       0x0000000000000000       0x18 mpsoc.o
 .reginfo       0x0000000000000000       0x18 noc_test21.o

Memory Configuration

Name             Origin             Length             Attributes
*default*        0x0000000000000000 0xffffffffffffffff

Linker script and memory map

Address of section .text set to 0x10000000
LOAD boot.o
LOAD interrupt.o
LOAD hal.o
LOAD mutex.o
LOAD ipc.o
LOAD hflibc.o
LOAD malloc.o
LOAD ukernel.o
LOAD mpsoc.o
LOAD noc_test21.o
                0x0000000000400000                PROVIDE (__executable_start, 0x400000)
                0x0000000000400000                . = 0x400000

.interp
 *(.interp)

.reginfo        0x0000000000400000       0x18
 *(.reginfo)
 .reginfo       0x0000000000400000       0x18 boot.o

.note.gnu.build-id
 *(.note.gnu.build-id)

.dynamic
 *(.dynamic)

.hash
 *(.hash)

.gnu.hash
 *(.gnu.hash)

.dynsym
 *(.dynsym)

.dynstr
 *(.dynstr)

.gnu.version
 *(.gnu.version)

.gnu.version_d
 *(.gnu.version_d)

.gnu.version_r
 *(.gnu.version_r)

.rel.init
 *(.rel.init)

.rela.init
 *(.rela.init)

.rel.text
 *(.rel.text .rel.text.* .rel.gnu.linkonce.t.*)

.rela.text
 *(.rela.text .rela.text.* .rela.gnu.linkonce.t.*)

.rel.fini
 *(.rel.fini)

.rela.fini
 *(.rela.fini)

.rel.rodata
 *(.rel.rodata .rel.rodata.* .rel.gnu.linkonce.r.*)

.rela.rodata
 *(.rela.rodata .rela.rodata.* .rela.gnu.linkonce.r.*)

.rel.data.rel.ro
 *(.rel.data.rel.ro .rel.data.rel.ro.* .rel.gnu.linkonce.d.rel.ro.*)

.rela.data.rel.ro
 *(.rela.data.rel.ro .rela.data.rel.ro.* .rela.gnu.linkonce.d.rel.ro.*)

.rel.data
 *(.rel.data .rel.data.* .rel.gnu.linkonce.d.*)

.rela.data
 *(.rela.data .rela.data.* .rela.gnu.linkonce.d.*)

.rel.tdata
 *(.rel.tdata .rel.tdata.* .rel.gnu.linkonce.td.*)

.rela.tdata
 *(.rela.tdata .rela.tdata.* .rela.gnu.linkonce.td.*)

.rel.tbss
 *(.rel.tbss .rel.tbss.* .rel.gnu.linkonce.tb.*)

.rela.tbss
 *(.rela.tbss .rela.tbss.* .rela.gnu.linkonce.tb.*)

.rel.ctors
 *(.rel.ctors)

.rela.ctors
 *(.rela.ctors)

.rel.dtors
 *(.rel.dtors)

.rela.dtors
 *(.rela.dtors)

.rel.got
 *(.rel.got)

.rela.got
 *(.rela.got)

.rel.dyn
 *(.rel.dyn)

.rel.sdata
 *(.rel.sdata .rel.sdata.* .rel.gnu.linkonce.s.*)

.rela.sdata
 *(.rela.sdata .rela.sdata.* .rela.gnu.linkonce.s.*)

.rel.sbss
 *(.rel.sbss .rel.sbss.* .rel.gnu.linkonce.sb.*)

.rela.sbss
 *(.rela.sbss .rela.sbss.* .rela.gnu.linkonce.sb.*)

.rel.sdata2
 *(.rel.sdata2 .rel.sdata2.* .rel.gnu.linkonce.s2.*)

.rela.sdata2
 *(.rela.sdata2 .rela.sdata2.* .rela.gnu.linkonce.s2.*)

.rel.sbss2
 *(.rel.sbss2 .rel.sbss2.* .rel.gnu.linkonce.sb2.*)

.rela.sbss2
 *(.rela.sbss2 .rela.sbss2.* .rela.gnu.linkonce.sb2.*)

.rel.bss
 *(.rel.bss .rel.bss.* .rel.gnu.linkonce.b.*)

.rela.bss
 *(.rela.bss .rela.bss.* .rela.gnu.linkonce.b.*)

.rel.iplt       0x0000000000400000        0x0
                0x0000000000400000                PROVIDE (__rel_iplt_start, .)
 *(.rel.iplt)
                0x0000000000400000                PROVIDE (__rel_iplt_end, .)

.rela.iplt      0x0000000000400000        0x0
                0x0000000000400000                PROVIDE (__rela_iplt_start, .)
 *(.rela.iplt)
                0x0000000000400000                PROVIDE (__rela_iplt_end, .)

.rel.plt
 *(.rel.plt)

.rela.plt
 *(.rela.plt)

.init
 *(SORT(.init))

.plt
 *(.plt)

.iplt
 *(.iplt)

.text           0x0000000010000000     0x4e58
                0x0000000010000000                _ftext = .
 *(.text.unlikely .text.*_unlikely)
 *(.text.exit .text.exit.*)
 *(.text.startup .text.startup.*)
 *(.text.hot .text.hot.*)
 *(.text .stub .text.* .gnu.linkonce.t.*)
 .text          0x0000000010000000      0x244 boot.o
                0x0000000010000000                _entry
                0x0000000010000050                interrupt_service_routine
                0x0000000010000138                HF_AsmInterruptEnable
                0x0000000010000148                HF_AsmInterruptInit
                0x0000000010000188                setjmp
                0x00000000100001c0                longjmp
                0x00000000100001f8                HF_RestoreExecution
                0x0000000010000238                HF_Halt
 .text          0x0000000010000244      0x18c interrupt.o
                0x0000000010000244                HF_InterruptStatus
                0x0000000010000254                HF_InterruptMaskRead
                0x0000000010000264                HF_InterruptMaskSet
                0x00000000100002ac                HF_InterruptMaskClear
                0x00000000100002fc                HF_InterruptRegister
                0x0000000010000338                HF_InterruptServiceRoutine
 .text          0x00000000100003d0      0x480 hal.o
                0x00000000100003d0                _putchar
                0x00000000100003e0                _kbhit
                0x00000000100003f0                _getchar
                0x0000000010000414                _sleep
                0x0000000010000510                _usleep
                0x000000001000060c                HF_ReadCounter
                0x000000001000061c                HF_UpdateCounterMask
                0x0000000010000638                HF_SchedulerStatus
                0x0000000010000648                HF_DisableScheduler
                0x0000000010000654                HF_EnableScheduler
                0x0000000010000664                HF_BasicHardwareInit
                0x000000001000066c                HF_AddServices
                0x00000000100006cc                HF_TimerInit
                0x0000000010000714                HF_HardwareInit
                0x0000000010000794                HF_Panic
 .text          0x0000000010000850      0x290 mutex.o
                0x0000000010000850                HF_EnterRegion
                0x0000000010000928                HF_LeaveRegion
                0x0000000010000958                HF_SemInit
                0x0000000010000998                HF_SemWait
                0x0000000010000a54                HF_SemPost
 .text          0x0000000010000ae0      0x318 ipc.o
                0x0000000010000ae0                HF_MboxInit
                0x0000000010000b44                HF_MboxSend
                0x0000000010000bc4                HF_MboxRecv
                0x0000000010000c20                HF_MboxAccept
                0x0000000010000ca0                HF_MsgSend
                0x0000000010000d20                HF_MsgRecv
 .text          0x0000000010000df8     0x1324 hflibc.o
                0x0000000010001340                putchar
                0x0000000010001348                kbhit
                0x0000000010001350                getchar
                0x0000000010001358                sleep
                0x0000000010001360                usleep
                0x0000000010001368                strcpy
                0x000000001000138c                strncpy
                0x00000000100013f0                strcat
                0x0000000010001428                strncat
                0x0000000010001484                strcmp
                0x00000000100014b8                strncmp
                0x00000000100014fc                strstr
                0x0000000010001558                strlen
                0x000000001000157c                strchr
                0x00000000100015b4                strpbrk
                0x00000000100015f4                strsep
                0x0000000010001648                strtok
                0x0000000010001700                memcpy
                0x0000000010001730                memmove
                0x00000000100017a0                memcmp
                0x00000000100017ec                memset
                0x0000000010001810                memsetw
                0x0000000010001838                strtol
                0x00000000100018f4                atoi
                0x00000000100019b0                itoa
                0x0000000010001b04                puts
                0x0000000010001b60                gets
                0x0000000010001bcc                printf
                0x0000000010001c00                sprintf
                0x0000000010001c34                abs
                0x0000000010001c44                random
                0x0000000010001c70                srand
                0x0000000010001c7c                __mulsi3
                0x0000000010001ca8                __muldsi3
                0x0000000010001d14                __muldi3
                0x0000000010001d7c                __udivsi3
                0x0000000010001d84                __umodsi3
                0x0000000010001d8c                __divsi3
                0x0000000010001ddc                __modsi3
                0x0000000010001e2c                __ashldi3
                0x0000000010001e64                __ashrdi3
                0x0000000010001e98                __lshrdi3
                0x0000000010001ed8                __udivmoddi4
                0x0000000010001fd0                __umoddi3
                0x0000000010001ff8                __udivdi3
                0x0000000010002018                __moddi3
                0x00000000100020a8                __divdi3
 .text          0x000000001000211c      0x30c malloc.o
                0x000000001000211c                free
                0x0000000010002184                malloc
                0x00000000100022f0                calloc
                0x000000001000233c                realloc
                0x00000000100023ec                HF_HeapInit
 .text          0x0000000010002428     0x1940 ukernel.o
                0x00000000100025f0                HF_TaskReschedule
                0x000000001000272c                HF_TaskEDFReschedule
                0x0000000010002880                HF_TaskYield
                0x000000001000299c                HF_TaskMemoryUsage
                0x00000000100029d4                HF_TaskTicks
                0x00000000100029fc                HF_LastTickTime
                0x0000000010002a24                HF_LastContextSwitchTime
                0x0000000010002a34                HF_TaskId
                0x0000000010002af8                HF_CurrentTaskId
                0x0000000010002b08                HF_CurrentCpuId
                0x0000000010002b10                HF_CurrentCpuFrequency
                0x0000000010002b18                HF_NCores
                0x0000000010002b20                HF_NTasks
                0x0000000010002b30                HF_BlockTask
                0x0000000010002c08                HF_ResumeTask
                0x0000000010002cdc                HF_KillTask
                0x0000000010002ea0                HF_DispatcherISR
                0x000000001000306c                HF_AddTask
                0x00000000100033d0                HF_AddPeriodicTask
                0x0000000010003770                HF_Fork
                0x00000000100039b0                HF_MemoryUsage
                0x00000000100039c4                HF_FreeMemory
                0x00000000100039d4                IdleTask
                0x00000000100039f0                HF_Start
                0x0000000010003a24                HF_Main
 .text          0x0000000010003d68     0x1000 mpsoc.o
                0x0000000010003d84                RecvCommServiceISR
                0x000000001000400c                HF_Core
                0x0000000010004034                HF_PacketsSent
                0x000000001000405c                HF_PacketsReceived
                0x0000000010004084                HF_PacketsQueued
                0x00000000100040ac                HF_PacketsLost
                0x00000000100040d4                HF_PacketsSeqError
                0x00000000100040fc                HF_NB_Receive
                0x000000001000463c                HF_Receive
                0x00000000100046b8                HF_NB_Send
                0x0000000010004b44                HF_Send
                0x0000000010004b70                HF_NetworkInterfaceInit
                0x0000000010004bcc                HF_QueryTaskId
                0x0000000010004c48                HF_NB_QueryTaskId
                0x0000000010004c8c                HF_NB_RecvTaskId
                0x0000000010004cf4                SystemMonitor
 .text          0x0000000010004d68       0xf0 noc_test21.o
                0x0000000010004d68                task_recv
                0x0000000010004e24                ApplicationMain
 *(.gnu.warning)
 *(.mips16.fn.*)
 *(.mips16.call.*)

.fini
 *(SORT(.fini))
                0x0000000010004e58                PROVIDE (__etext, .)
                0x0000000010004e58                PROVIDE (_etext, .)
                0x0000000010004e58                PROVIDE (etext, .)

.rodata         0x0000000010004e58      0x860
 *(.rodata .rodata.* .gnu.linkonce.r.*)
 .rodata.str1.4
                0x0000000010004e58      0x184 hal.o
 .rodata.str1.4
                0x0000000010004fdc        0x7 hflibc.o
                                          0x8 (size before relaxing)
 *fill*         0x0000000010004fe3        0x1 
 .rodata.str1.4
                0x0000000010004fe4      0x571 ukernel.o
                                        0x574 (size before relaxing)
 *fill*         0x0000000010005555        0x3 
 .rodata.str1.4
                0x0000000010005558      0x119 mpsoc.o
                                        0x11c (size before relaxing)
 *fill*         0x0000000010005671        0x3 
 .rodata.str1.4
                0x0000000010005674       0x44 noc_test21.o

.rodata1
 *(.rodata1)

.sdata2
 *(.sdata2 .sdata2.* .gnu.linkonce.s2.*)

.sbss2
 *(.sbss2 .sbss2.* .gnu.linkonce.sb2.*)

.eh_frame_hdr
 *(.eh_frame_hdr)

.eh_frame
 *(.eh_frame)

.gcc_except_table
 *(.gcc_except_table .gcc_except_table.*)

.exception_ranges
 *(.exception_ranges .exception_ranges*)
                0x00000000100056b8                . = .

.eh_frame
 *(.eh_frame)

.gcc_except_table
 *(.gcc_except_table .gcc_except_table.*)

.exception_ranges
 *(.exception_ranges .exception_ranges*)

.tdata
 *(.tdata .tdata.* .gnu.linkonce.td.*)

.tbss
 *(.tbss .tbss.* .gnu.linkonce.tb.*)
 *(.tcommon)

.preinit_array  0x00000000100056b8        0x0
                0x00000000100056b8                PROVIDE (__preinit_array_start, .)
 *(.preinit_array)
                0x00000000100056b8                PROVIDE (__preinit_array_end, .)

.init_array     0x00000000100056b8        0x0
                0x00000000100056b8                PROVIDE (__init_array_start, .)
 *(SORT(.init_array.*))
 *(.init_array)
                0x00000000100056b8                PROVIDE (__init_array_end, .)

.fini_array     0x00000000100056b8        0x0
                0x00000000100056b8                PROVIDE (__fini_array_start, .)
 *(SORT(.fini_array.*))
 *(.fini_array)
                0x00000000100056b8                PROVIDE (__fini_array_end, .)

.ctors
 *crtbegin.o(.ctors)
 *crtbegin?.o(.ctors)
 *(EXCLUDE_FILE(*crtend?.o *crtend.o) .ctors)
 *(SORT(.ctors.*))
 *(.ctors)

.dtors
 *crtbegin.o(.dtors)
 *crtbegin?.o(.dtors)
 *(EXCLUDE_FILE(*crtend?.o *crtend.o) .dtors)
 *(SORT(.dtors.*))
 *(.dtors)

.jcr
 *(.jcr)

.data.rel.ro
 *(.data.rel.ro.local* .gnu.linkonce.d.rel.ro.local.*)
 *(.data.rel.ro .data.rel.ro.* .gnu.linkonce.d.rel.ro.*)

.data           0x00000000100056b8        0xc
                0x00000000100056b8                _fdata = .
 *(.data .data.* .gnu.linkonce.d.*)
 .data          0x00000000100056b8        0x0 boot.o
 .data          0x00000000100056b8        0x0 interrupt.o
 .data          0x00000000100056b8        0x0 hal.o
 .data          0x00000000100056b8        0x0 mutex.o
 .data          0x00000000100056b8        0x0 ipc.o
 .data          0x00000000100056b8        0x4 hflibc.o
 .data          0x00000000100056bc        0x0 malloc.o
 .data          0x00000000100056bc        0x8 ukernel.o
 .data          0x00000000100056c4        0x0 mpsoc.o
 .data          0x00000000100056c4        0x0 noc_test21.o

.data1
 *(.data1)

.got.plt
 *(.got.plt)
                0x00000000100056c4                . = .
                0x00000000100056c4                . = .
                0x000000001000d6c0                _gp = (ALIGN (0x10) + 0x7ff0)

.got
 *(.got)

.sdata
 *(.sdata .sdata.* .gnu.linkonce.s.*)

.lit8
 *(.lit8)

.lit4
 *(.lit4)
                0x00000000100056c4                _edata = .
                0x00000000100056c4                PROVIDE (edata, .)
                0x00000000100056c4                . = .
                0x00000000100056c4                __bss_start = .
                0x00000000100056c4                _fbss = .

.sbss           0x00000000100056c4       0x20
 *(.dynsbss)
 *(.sbss .sbss.* .gnu.linkonce.sb.*)
 *(.scommon)
 .scommon       0x00000000100056c4       0x18 interrupt.o
                0x00000000100056c4                HF_max_index
                0x00000000100056c5                HF_current_task
                0x00000000100056c6                HF_last_task
                0x00000000100056c8                HF_tick_count
                0x00000000100056cc                HF_free_mem
                0x00000000100056d0                HF_task_entry
                0x00000000100056d4                HF_be
                0x00000000100056d5                HF_schedule
                0x00000000100056d6                HF_tasks
                0x00000000100056d8                HF_context_switch_cycles
 .scommon       0x00000000100056dc        0x0 hal.o
 .scommon       0x00000000100056dc        0x0 mutex.o
 .scommon       0x00000000100056dc        0x0 ipc.o
 .scommon       0x00000000100056dc        0x8 malloc.o
                0x00000000100056dc                HF_heap_info
 .scommon       0x00000000100056e4        0x0 ukernel.o
 .scommon       0x00000000100056e4        0x0 mpsoc.o
 .scommon       0x00000000100056e4        0x0 noc_test21.o

.bss            0x00000000100056f0    0x80b80
 *(.dynbss)
 *(.bss .bss.* .gnu.linkonce.b.*)
 .bss           0x00000000100056f0        0x0 boot.o
 .bss           0x00000000100056f0       0x40 interrupt.o
 .bss           0x0000000010005730        0x0 hal.o
 .bss           0x0000000010005730        0x0 mutex.o
 .bss           0x0000000010005730        0x0 ipc.o
 .bss           0x0000000010005730        0x4 hflibc.o
 .bss           0x0000000010005734       0x14 malloc.o
 .bss           0x0000000010005748        0x8 ukernel.o
 .bss           0x0000000010005750        0x0 mpsoc.o
 .bss           0x0000000010005750        0x0 noc_test21.o
 *(COMMON)
 COMMON         0x0000000010005750      0x200 boot.o
                0x0000000010005750                InitStack
 COMMON         0x0000000010005950    0x80910 interrupt.o
                0x0000000010005950                HF_heap
                0x0000000010085950                HF_task
 COMMON         0x0000000010086260       0x10 mpsoc.o
                0x0000000010086260                pktdrv_mutex
                0x0000000010086270                . = ALIGN ((. != 0x0)?0x4:0x1)
                0x0000000010086270                . = ALIGN (0x4)
                0x0000000010086270                . = ALIGN (0x4)
                0x0000000010086270                _end = .
                0x0000000010086270                PROVIDE (end, .)

.stab
 *(.stab)

.stabstr
 *(.stabstr)

.stab.excl
 *(.stab.excl)

.stab.exclstr
 *(.stab.exclstr)

.stab.index
 *(.stab.index)

.stab.indexstr
 *(.stab.indexstr)

.comment        0x0000000000000000       0x11
 *(.comment)
 .comment       0x0000000000000000       0x11 interrupt.o
                                         0x12 (size before relaxing)
 .comment       0x0000000000000000       0x12 hal.o
 .comment       0x0000000000000000       0x12 mutex.o
 .comment       0x0000000000000000       0x12 ipc.o
 .comment       0x0000000000000000       0x12 hflibc.o
 .comment       0x0000000000000000       0x12 malloc.o
 .comment       0x0000000000000000       0x12 ukernel.o
 .comment       0x0000000000000000       0x12 mpsoc.o
 .comment       0x0000000000000000       0x12 noc_test21.o

.pdr            0x0000000000000000     0x11e0
 .pdr           0x0000000000000000      0x100 boot.o
 .pdr           0x0000000000000100       0xc0 interrupt.o
 .pdr           0x00000000000001c0      0x1e0 hal.o
 .pdr           0x00000000000003a0       0xa0 mutex.o
 .pdr           0x0000000000000440       0xc0 ipc.o
 .pdr           0x0000000000000500      0x680 hflibc.o
 .pdr           0x0000000000000b80       0xa0 malloc.o
 .pdr           0x0000000000000c20      0x360 ukernel.o
 .pdr           0x0000000000000f80      0x220 mpsoc.o
 .pdr           0x00000000000011a0       0x40 noc_test21.o

.debug
 *(.debug)

.line
 *(.line)

.debug_srcinfo
 *(.debug_srcinfo)

.debug_sfnames
 *(.debug_sfnames)

.debug_aranges
 *(.debug_aranges)

.debug_pubnames
 *(.debug_pubnames)

.debug_info
 *(.debug_info .gnu.linkonce.wi.*)

.debug_abbrev
 *(.debug_abbrev)

.debug_line
 *(.debug_line)

.debug_frame
 *(.debug_frame)

.debug_str
 *(.debug_str)

.debug_loc
 *(.debug_loc)

.debug_macinfo
 *(.debug_macinfo)

.debug_weaknames
 *(.debug_weaknames)

.debug_funcnames
 *(.debug_funcnames)

.debug_typenames
 *(.debug_typenames)

.debug_varnames
 *(.debug_varnames)

.debug_pubtypes
 *(.debug_pubtypes)

.debug_ranges
 *(.debug_ranges)

.debug_macro
 *(.debug_macro)

.gnu.attributes
                0x0000000000000000       0x10
 *(.gnu.attributes)
 .gnu.attributes
                0x0000000000000000       0x10 interrupt.o
 .gnu.attributes
                0x0000000000000010       0x10 hal.o
 .gnu.attributes
                0x0000000000000020       0x10 mutex.o
 .gnu.attributes
                0x0000000000000030       0x10 ipc.o
 .gnu.attributes
                0x0000000000000040       0x10 hflibc.o
 .gnu.attributes
                0x0000000000000050       0x10 malloc.o
 .gnu.attributes
                0x0000000000000060       0x10 ukernel.o
 .gnu.attributes
                0x0000000000000070       0x10 mpsoc.o
 .gnu.attributes
                0x0000000000000080       0x10 noc_test21.o

.gptab.sdata
 *(.gptab.data)
 *(.gptab.sdata)

.gptab.sbss
 *(.gptab.bss)
 *(.gptab.sbss)

.mdebug.abi32   0x0000000000000000        0x0
 *(.mdebug.abi32)
 .mdebug.abi32  0x0000000000000000        0x0 interrupt.o
 .mdebug.abi32  0x0000000000000000        0x0 hal.o
 .mdebug.abi32  0x0000000000000000        0x0 mutex.o
 .mdebug.abi32  0x0000000000000000        0x0 ipc.o
 .mdebug.abi32  0x0000000000000000        0x0 hflibc.o
 .mdebug.abi32  0x0000000000000000        0x0 malloc.o
 .mdebug.abi32  0x0000000000000000        0x0 ukernel.o
 .mdebug.abi32  0x0000000000000000        0x0 mpsoc.o
 .mdebug.abi32  0x0000000000000000        0x0 noc_test21.o

.mdebug.abiN32
 *(.mdebug.abiN32)

.mdebug.abi64
 *(.mdebug.abi64)

.mdebug.abiO64
 *(.mdebug.abiO64)

.mdebug.eabi32
 *(.mdebug.eabi32)

.mdebug.eabi64
 *(.mdebug.eabi64)

.gcc_compiled_long32
 *(.gcc_compiled_long32)

.gcc_compiled_long64
 *(.gcc_compiled_long64)

/DISCARD/
 *(.note.GNU-stack)
 *(.gnu_debuglink)
 *(.gnu.lto_*)
OUTPUT(test.axf elf32-bigmips)
