
Allocating common symbols
Common symbol       size              file

HF_max_index        0x1               interrupt.o
HF_current_task     0x1               interrupt.o
HF_last_task        0x1               interrupt.o
HF_heap             0x80000           interrupt.o
HF_tick_count       0x4               interrupt.o
HF_free_mem         0x4               interrupt.o
InitStack           0x200             boot.o
HF_heap_info        0x8               malloc.o
HF_task             0x1400            interrupt.o
HF_task_entry       0x4               interrupt.o
HF_be               0x1               interrupt.o
HF_schedule         0x1               interrupt.o
HF_tasks            0x1               interrupt.o
pktdrv_mutex        0x1c              mpsoc.o
HF_context_switch_cycles
                    0x4               interrupt.o

Discarded input sections

 .reginfo       0x0000000000000000       0x18 interrupt.o
 .reginfo       0x0000000000000000       0x18 hal.o
 .reginfo       0x0000000000000000       0x18 mutex.o
 .reginfo       0x0000000000000000       0x18 ipc.o
 .reginfo       0x0000000000000000       0x18 hflibc.o
 .reginfo       0x0000000000000000       0x18 malloc.o
 .reginfo       0x0000000000000000       0x18 ukernel.o
 .reginfo       0x0000000000000000       0x18 mpsoc.o
 .reginfo       0x0000000000000000       0x18 filter1.o

Memory Configuration

Name             Origin             Length             Attributes
*default*        0x0000000000000000 0xffffffffffffffff

Linker script and memory map

Address of section .text set to 0x10000000
LOAD boot.o
LOAD interrupt.o
LOAD hal.o
LOAD mutex.o
LOAD ipc.o
LOAD hflibc.o
LOAD malloc.o
LOAD ukernel.o
LOAD mpsoc.o
LOAD filter1.o
                0x0000000000400000                PROVIDE (__executable_start, 0x400000)
                0x0000000000400000                . = 0x400000

.interp
 *(.interp)

.reginfo        0x0000000000400000       0x18
 *(.reginfo)
 .reginfo       0x0000000000400000       0x18 boot.o

.note.gnu.build-id
 *(.note.gnu.build-id)

.dynamic
 *(.dynamic)

.hash
 *(.hash)

.gnu.hash
 *(.gnu.hash)

.dynsym
 *(.dynsym)

.dynstr
 *(.dynstr)

.gnu.version
 *(.gnu.version)

.gnu.version_d
 *(.gnu.version_d)

.gnu.version_r
 *(.gnu.version_r)

.rel.init
 *(.rel.init)

.rela.init
 *(.rela.init)

.rel.text
 *(.rel.text .rel.text.* .rel.gnu.linkonce.t.*)

.rela.text
 *(.rela.text .rela.text.* .rela.gnu.linkonce.t.*)

.rel.fini
 *(.rel.fini)

.rela.fini
 *(.rela.fini)

.rel.rodata
 *(.rel.rodata .rel.rodata.* .rel.gnu.linkonce.r.*)

.rela.rodata
 *(.rela.rodata .rela.rodata.* .rela.gnu.linkonce.r.*)

.rel.data.rel.ro
 *(.rel.data.rel.ro .rel.data.rel.ro.* .rel.gnu.linkonce.d.rel.ro.*)

.rela.data.rel.ro
 *(.rela.data.rel.ro .rela.data.rel.ro.* .rela.gnu.linkonce.d.rel.ro.*)

.rel.data
 *(.rel.data .rel.data.* .rel.gnu.linkonce.d.*)

.rela.data
 *(.rela.data .rela.data.* .rela.gnu.linkonce.d.*)

.rel.tdata
 *(.rel.tdata .rel.tdata.* .rel.gnu.linkonce.td.*)

.rela.tdata
 *(.rela.tdata .rela.tdata.* .rela.gnu.linkonce.td.*)

.rel.tbss
 *(.rel.tbss .rel.tbss.* .rel.gnu.linkonce.tb.*)

.rela.tbss
 *(.rela.tbss .rela.tbss.* .rela.gnu.linkonce.tb.*)

.rel.ctors
 *(.rel.ctors)

.rela.ctors
 *(.rela.ctors)

.rel.dtors
 *(.rel.dtors)

.rela.dtors
 *(.rela.dtors)

.rel.got
 *(.rel.got)

.rela.got
 *(.rela.got)

.rel.dyn
 *(.rel.dyn)

.rel.sdata
 *(.rel.sdata .rel.sdata.* .rel.gnu.linkonce.s.*)

.rela.sdata
 *(.rela.sdata .rela.sdata.* .rela.gnu.linkonce.s.*)

.rel.sbss
 *(.rel.sbss .rel.sbss.* .rel.gnu.linkonce.sb.*)

.rela.sbss
 *(.rela.sbss .rela.sbss.* .rela.gnu.linkonce.sb.*)

.rel.sdata2
 *(.rel.sdata2 .rel.sdata2.* .rel.gnu.linkonce.s2.*)

.rela.sdata2
 *(.rela.sdata2 .rela.sdata2.* .rela.gnu.linkonce.s2.*)

.rel.sbss2
 *(.rel.sbss2 .rel.sbss2.* .rel.gnu.linkonce.sb2.*)

.rela.sbss2
 *(.rela.sbss2 .rela.sbss2.* .rela.gnu.linkonce.sb2.*)

.rel.bss
 *(.rel.bss .rel.bss.* .rel.gnu.linkonce.b.*)

.rela.bss
 *(.rela.bss .rela.bss.* .rela.gnu.linkonce.b.*)

.rel.iplt       0x0000000000400000        0x0
                0x0000000000400000                PROVIDE (__rel_iplt_start, .)
 *(.rel.iplt)
                0x0000000000400000                PROVIDE (__rel_iplt_end, .)

.rela.iplt      0x0000000000400000        0x0
                0x0000000000400000                PROVIDE (__rela_iplt_start, .)
 *(.rela.iplt)
                0x0000000000400000                PROVIDE (__rela_iplt_end, .)

.rel.plt
 *(.rel.plt)

.rela.plt
 *(.rela.plt)

.init
 *(SORT(.init))

.plt
 *(.plt)

.iplt
 *(.iplt)

.text           0x0000000010000000     0x5230
                0x0000000010000000                _ftext = .
 *(.text.unlikely .text.*_unlikely)
 *(.text.exit .text.exit.*)
 *(.text.startup .text.startup.*)
 *(.text.hot .text.hot.*)
 *(.text .stub .text.* .gnu.linkonce.t.*)
 .text          0x0000000010000000      0x244 boot.o
                0x0000000010000000                _entry
                0x0000000010000050                interrupt_service_routine
                0x0000000010000138                HF_AsmInterruptEnable
                0x0000000010000148                HF_AsmInterruptInit
                0x0000000010000188                setjmp
                0x00000000100001c0                longjmp
                0x00000000100001f8                HF_RestoreExecution
                0x0000000010000238                HF_Halt
 .text          0x0000000010000244      0x18c interrupt.o
                0x0000000010000244                HF_InterruptStatus
                0x0000000010000254                HF_InterruptMaskRead
                0x0000000010000264                HF_InterruptMaskSet
                0x00000000100002ac                HF_InterruptMaskClear
                0x00000000100002fc                HF_InterruptRegister
                0x0000000010000338                HF_InterruptServiceRoutine
 .text          0x00000000100003d0      0x480 hal.o
                0x00000000100003d0                _putchar
                0x00000000100003e0                _kbhit
                0x00000000100003f0                _getchar
                0x0000000010000414                _sleep
                0x0000000010000510                _usleep
                0x000000001000060c                HF_ReadCounter
                0x000000001000061c                HF_UpdateCounterMask
                0x0000000010000638                HF_SchedulerStatus
                0x0000000010000648                HF_DisableScheduler
                0x0000000010000654                HF_EnableScheduler
                0x0000000010000664                HF_BasicHardwareInit
                0x000000001000066c                HF_AddServices
                0x00000000100006cc                HF_TimerInit
                0x0000000010000714                HF_HardwareInit
                0x0000000010000794                HF_Panic
 .text          0x0000000010000850      0x280 mutex.o
                0x0000000010000850                HF_EnterRegion
                0x0000000010000928                HF_LeaveRegion
                0x0000000010000958                HF_SemInit
                0x0000000010000998                HF_SemWait
                0x0000000010000a4c                HF_SemPost
 .text          0x0000000010000ad0      0x300 ipc.o
                0x0000000010000ad0                HF_MboxInit
                0x0000000010000b34                HF_MboxSend
                0x0000000010000bb4                HF_MboxRecv
                0x0000000010000c10                HF_MboxAccept
                0x0000000010000c90                HF_MsgSend
                0x0000000010000d08                HF_MsgRecv
 .text          0x0000000010000dd0     0x1324 hflibc.o
                0x0000000010001318                putchar
                0x0000000010001320                kbhit
                0x0000000010001328                getchar
                0x0000000010001330                sleep
                0x0000000010001338                usleep
                0x0000000010001340                strcpy
                0x0000000010001364                strncpy
                0x00000000100013c8                strcat
                0x0000000010001400                strncat
                0x000000001000145c                strcmp
                0x0000000010001490                strncmp
                0x00000000100014d4                strstr
                0x0000000010001530                strlen
                0x0000000010001554                strchr
                0x000000001000158c                strpbrk
                0x00000000100015cc                strsep
                0x0000000010001620                strtok
                0x00000000100016d8                memcpy
                0x0000000010001708                memmove
                0x0000000010001778                memcmp
                0x00000000100017c4                memset
                0x00000000100017e8                memsetw
                0x0000000010001810                strtol
                0x00000000100018cc                atoi
                0x0000000010001988                itoa
                0x0000000010001adc                puts
                0x0000000010001b38                gets
                0x0000000010001ba4                printf
                0x0000000010001bd8                sprintf
                0x0000000010001c0c                abs
                0x0000000010001c1c                random
                0x0000000010001c48                srand
                0x0000000010001c54                __mulsi3
                0x0000000010001c80                __muldsi3
                0x0000000010001cec                __muldi3
                0x0000000010001d54                __udivsi3
                0x0000000010001d5c                __umodsi3
                0x0000000010001d64                __divsi3
                0x0000000010001db4                __modsi3
                0x0000000010001e04                __ashldi3
                0x0000000010001e3c                __ashrdi3
                0x0000000010001e70                __lshrdi3
                0x0000000010001eb0                __udivmoddi4
                0x0000000010001fa8                __umoddi3
                0x0000000010001fd0                __udivdi3
                0x0000000010001ff0                __moddi3
                0x0000000010002080                __divdi3
 .text          0x00000000100020f4      0x30c malloc.o
                0x00000000100020f4                free
                0x000000001000215c                malloc
                0x00000000100022c8                calloc
                0x0000000010002314                realloc
                0x00000000100023c4                HF_HeapInit
 .text          0x0000000010002400     0x1888 ukernel.o
                0x00000000100025bc                HF_TaskReschedule
                0x00000000100026f0                HF_TaskEDFReschedule
                0x000000001000283c                HF_TaskYield
                0x000000001000294c                HF_TaskMemoryUsage
                0x000000001000297c                HF_TaskTicks
                0x000000001000299c                HF_LastTickTime
                0x00000000100029bc                HF_LastContextSwitchTime
                0x00000000100029cc                HF_TaskId
                0x0000000010002a80                HF_CurrentTaskId
                0x0000000010002a90                HF_CurrentCpuId
                0x0000000010002a98                HF_CurrentCpuFrequency
                0x0000000010002aa0                HF_NCores
                0x0000000010002aa8                HF_NTasks
                0x0000000010002ab8                HF_BlockTask
                0x0000000010002b88                HF_ResumeTask
                0x0000000010002c54                HF_KillTask
                0x0000000010002e0c                HF_DispatcherISR
                0x0000000010002fc8                HF_AddTask
                0x0000000010003324                HF_AddPeriodicTask
                0x00000000100036bc                HF_Fork
                0x00000000100038dc                HF_MemoryUsage
                0x00000000100038f0                HF_FreeMemory
                0x0000000010003900                IdleTask
                0x000000001000391c                HF_Start
                0x0000000010003950                HF_Main
 .text          0x0000000010003c88      0xf48 mpsoc.o
                0x0000000010003ca4                RecvCommServiceISR
                0x0000000010003f18                HF_Core
                0x0000000010003f40                HF_PacketsSent
                0x0000000010003f60                HF_PacketsReceived
                0x0000000010003f80                HF_PacketsQueued
                0x0000000010003fa0                HF_PacketsLost
                0x0000000010003fc0                HF_PacketsSeqError
                0x0000000010003fe0                HF_NB_Receive
                0x00000000100044e8                HF_Receive
                0x0000000010004550                HF_NB_Send
                0x00000000100049ac                HF_Send
                0x00000000100049d8                HF_NetworkInterfaceInit
                0x0000000010004a34                HF_QueryTaskId
                0x0000000010004ab0                HF_NB_QueryTaskId
                0x0000000010004af4                HF_NB_RecvTaskId
                0x0000000010004b5c                SystemMonitor
 .text          0x0000000010004bd0      0x660 filter1.o
                0x0000000010004bd0                gausian
                0x0000000010004c7c                copyPart
                0x0000000010004d54                putPart
                0x0000000010004e34                master
                0x000000001000500c                masterReceiver
                0x0000000010005074                do_gausian
                0x0000000010005168                slave
                0x00000000100051fc                ApplicationMain
 *(.gnu.warning)
 *(.mips16.fn.*)
 *(.mips16.call.*)

.fini
 *(SORT(.fini))
                0x0000000010005230                PROVIDE (__etext, .)
                0x0000000010005230                PROVIDE (_etext, .)
                0x0000000010005230                PROVIDE (etext, .)

.rodata         0x0000000010005230      0x8d4
 *(.rodata .rodata.* .gnu.linkonce.r.*)
 .rodata.str1.4
                0x0000000010005230      0x184 hal.o
 .rodata.str1.4
                0x00000000100053b4        0x7 hflibc.o
                                          0x8 (size before relaxing)
 *fill*         0x00000000100053bb        0x1 
 .rodata.str1.4
                0x00000000100053bc      0x571 ukernel.o
                                        0x574 (size before relaxing)
 *fill*         0x000000001000592d        0x3 
 .rodata.str1.4
                0x0000000010005930      0x119 mpsoc.o
                                        0x11c (size before relaxing)
 *fill*         0x0000000010005a49        0x3 
 .rodata        0x0000000010005a4c       0x34 filter1.o
 .rodata.str1.4
                0x0000000010005a80       0x84 filter1.o
                                         0x88 (size before relaxing)

.rodata1
 *(.rodata1)

.sdata2
 *(.sdata2 .sdata2.* .gnu.linkonce.s2.*)

.sbss2
 *(.sbss2 .sbss2.* .gnu.linkonce.sb2.*)

.eh_frame_hdr
 *(.eh_frame_hdr)

.eh_frame
 *(.eh_frame)

.gcc_except_table
 *(.gcc_except_table .gcc_except_table.*)

.exception_ranges
 *(.exception_ranges .exception_ranges*)
                0x0000000010005b04                . = .

.eh_frame
 *(.eh_frame)

.gcc_except_table
 *(.gcc_except_table .gcc_except_table.*)

.exception_ranges
 *(.exception_ranges .exception_ranges*)

.tdata
 *(.tdata .tdata.* .gnu.linkonce.td.*)

.tbss
 *(.tbss .tbss.* .gnu.linkonce.tb.*)
 *(.tcommon)

.preinit_array  0x0000000010005b04        0x0
                0x0000000010005b04                PROVIDE (__preinit_array_start, .)
 *(.preinit_array)
                0x0000000010005b04                PROVIDE (__preinit_array_end, .)

.init_array     0x0000000010005b04        0x0
                0x0000000010005b04                PROVIDE (__init_array_start, .)
 *(SORT(.init_array.*))
 *(.init_array)
                0x0000000010005b04                PROVIDE (__init_array_end, .)

.fini_array     0x0000000010005b04        0x0
                0x0000000010005b04                PROVIDE (__fini_array_start, .)
 *(SORT(.fini_array.*))
 *(.fini_array)
                0x0000000010005b04                PROVIDE (__fini_array_end, .)

.ctors
 *crtbegin.o(.ctors)
 *crtbegin?.o(.ctors)
 *(EXCLUDE_FILE(*crtend?.o *crtend.o) .ctors)
 *(SORT(.ctors.*))
 *(.ctors)

.dtors
 *crtbegin.o(.dtors)
 *crtbegin?.o(.dtors)
 *(EXCLUDE_FILE(*crtend?.o *crtend.o) .dtors)
 *(SORT(.dtors.*))
 *(.dtors)

.jcr
 *(.jcr)

.data.rel.ro
 *(.data.rel.ro.local* .gnu.linkonce.d.rel.ro.local.*)
 *(.data.rel.ro .data.rel.ro.* .gnu.linkonce.d.rel.ro.*)

.data           0x0000000010005b04     0x4014
                0x0000000010005b04                _fdata = .
 *(.data .data.* .gnu.linkonce.d.*)
 .data          0x0000000010005b04        0x0 boot.o
 .data          0x0000000010005b04        0x0 interrupt.o
 .data          0x0000000010005b04        0x0 hal.o
 .data          0x0000000010005b04        0x0 mutex.o
 .data          0x0000000010005b04        0x0 ipc.o
 .data          0x0000000010005b04        0x4 hflibc.o
 .data          0x0000000010005b08        0x0 malloc.o
 .data          0x0000000010005b08        0x8 ukernel.o
 .data          0x0000000010005b10        0x0 mpsoc.o
 .data          0x0000000010005b10     0x4008 filter1.o
                0x0000000010005b10                image
                0x0000000010009b10                height
                0x0000000010009b14                width

.data1
 *(.data1)

.got.plt
 *(.got.plt)
                0x0000000010009b18                . = .
                0x0000000010009b18                . = .
                0x0000000010011b10                _gp = (ALIGN (0x10) + 0x7ff0)

.got
 *(.got)

.sdata
 *(.sdata .sdata.* .gnu.linkonce.s.*)

.lit8
 *(.lit8)

.lit4
 *(.lit4)
                0x0000000010009b18                _edata = .
                0x0000000010009b18                PROVIDE (edata, .)
                0x0000000010009b18                . = .
                0x0000000010009b18                __bss_start = .
                0x0000000010009b18                _fbss = .

.sbss           0x0000000010009b18       0x20
 *(.dynsbss)
 *(.sbss .sbss.* .gnu.linkonce.sb.*)
 *(.scommon)
 .scommon       0x0000000010009b18       0x18 interrupt.o
                0x0000000010009b18                HF_max_index
                0x0000000010009b19                HF_current_task
                0x0000000010009b1a                HF_last_task
                0x0000000010009b1c                HF_tick_count
                0x0000000010009b20                HF_free_mem
                0x0000000010009b24                HF_task_entry
                0x0000000010009b28                HF_be
                0x0000000010009b29                HF_schedule
                0x0000000010009b2a                HF_tasks
                0x0000000010009b2c                HF_context_switch_cycles
 .scommon       0x0000000010009b30        0x0 hal.o
 .scommon       0x0000000010009b30        0x0 mutex.o
 .scommon       0x0000000010009b30        0x0 ipc.o
 .scommon       0x0000000010009b30        0x8 malloc.o
                0x0000000010009b30                HF_heap_info
 .scommon       0x0000000010009b38        0x0 ukernel.o
 .scommon       0x0000000010009b38        0x0 mpsoc.o
 .scommon       0x0000000010009b38        0x0 filter1.o

.bss            0x0000000010009b40    0x8169c
 *(.dynbss)
 *(.bss .bss.* .gnu.linkonce.b.*)
 .bss           0x0000000010009b40        0x0 boot.o
 .bss           0x0000000010009b40       0x40 interrupt.o
 .bss           0x0000000010009b80        0x0 hal.o
 .bss           0x0000000010009b80        0x0 mutex.o
 .bss           0x0000000010009b80        0x0 ipc.o
 .bss           0x0000000010009b80        0x4 hflibc.o
 .bss           0x0000000010009b84       0x28 malloc.o
 .bss           0x0000000010009bac        0x8 ukernel.o
 .bss           0x0000000010009bb4        0x0 mpsoc.o
 .bss           0x0000000010009bb4        0x0 filter1.o
 *(COMMON)
 *fill*         0x0000000010009bb4        0xc 
 COMMON         0x0000000010009bc0      0x200 boot.o
                0x0000000010009bc0                InitStack
 COMMON         0x0000000010009dc0    0x81400 interrupt.o
                0x0000000010009dc0                HF_heap
                0x0000000010089dc0                HF_task
 COMMON         0x000000001008b1c0       0x1c mpsoc.o
                0x000000001008b1c0                pktdrv_mutex
                0x000000001008b1dc                . = ALIGN ((. != 0x0)?0x4:0x1)
                0x000000001008b1dc                . = ALIGN (0x4)
                0x000000001008b1dc                . = ALIGN (0x4)
                0x000000001008b1dc                _end = .
                0x000000001008b1dc                PROVIDE (end, .)

.stab
 *(.stab)

.stabstr
 *(.stabstr)

.stab.excl
 *(.stab.excl)

.stab.exclstr
 *(.stab.exclstr)

.stab.index
 *(.stab.index)

.stab.indexstr
 *(.stab.indexstr)

.comment        0x0000000000000000       0x11
 *(.comment)
 .comment       0x0000000000000000       0x11 interrupt.o
                                         0x12 (size before relaxing)
 .comment       0x0000000000000000       0x12 hal.o
 .comment       0x0000000000000000       0x12 mutex.o
 .comment       0x0000000000000000       0x12 ipc.o
 .comment       0x0000000000000000       0x12 hflibc.o
 .comment       0x0000000000000000       0x12 malloc.o
 .comment       0x0000000000000000       0x12 ukernel.o
 .comment       0x0000000000000000       0x12 mpsoc.o
 .comment       0x0000000000000000       0x12 filter1.o

.pdr            0x0000000000000000     0x12a0
 .pdr           0x0000000000000000      0x100 boot.o
 .pdr           0x0000000000000100       0xc0 interrupt.o
 .pdr           0x00000000000001c0      0x1e0 hal.o
 .pdr           0x00000000000003a0       0xa0 mutex.o
 .pdr           0x0000000000000440       0xc0 ipc.o
 .pdr           0x0000000000000500      0x680 hflibc.o
 .pdr           0x0000000000000b80       0xa0 malloc.o
 .pdr           0x0000000000000c20      0x360 ukernel.o
 .pdr           0x0000000000000f80      0x220 mpsoc.o
 .pdr           0x00000000000011a0      0x100 filter1.o

.debug
 *(.debug)

.line
 *(.line)

.debug_srcinfo
 *(.debug_srcinfo)

.debug_sfnames
 *(.debug_sfnames)

.debug_aranges
 *(.debug_aranges)

.debug_pubnames
 *(.debug_pubnames)

.debug_info
 *(.debug_info .gnu.linkonce.wi.*)

.debug_abbrev
 *(.debug_abbrev)

.debug_line
 *(.debug_line)

.debug_frame
 *(.debug_frame)

.debug_str
 *(.debug_str)

.debug_loc
 *(.debug_loc)

.debug_macinfo
 *(.debug_macinfo)

.debug_weaknames
 *(.debug_weaknames)

.debug_funcnames
 *(.debug_funcnames)

.debug_typenames
 *(.debug_typenames)

.debug_varnames
 *(.debug_varnames)

.debug_pubtypes
 *(.debug_pubtypes)

.debug_ranges
 *(.debug_ranges)

.debug_macro
 *(.debug_macro)

.gnu.attributes
                0x0000000000000000       0x10
 *(.gnu.attributes)
 .gnu.attributes
                0x0000000000000000       0x10 interrupt.o
 .gnu.attributes
                0x0000000000000010       0x10 hal.o
 .gnu.attributes
                0x0000000000000020       0x10 mutex.o
 .gnu.attributes
                0x0000000000000030       0x10 ipc.o
 .gnu.attributes
                0x0000000000000040       0x10 hflibc.o
 .gnu.attributes
                0x0000000000000050       0x10 malloc.o
 .gnu.attributes
                0x0000000000000060       0x10 ukernel.o
 .gnu.attributes
                0x0000000000000070       0x10 mpsoc.o
 .gnu.attributes
                0x0000000000000080       0x10 filter1.o

.gptab.sdata
 *(.gptab.data)
 *(.gptab.sdata)

.gptab.sbss
 *(.gptab.bss)
 *(.gptab.sbss)

.mdebug.abi32   0x0000000000000000        0x0
 *(.mdebug.abi32)
 .mdebug.abi32  0x0000000000000000        0x0 interrupt.o
 .mdebug.abi32  0x0000000000000000        0x0 hal.o
 .mdebug.abi32  0x0000000000000000        0x0 mutex.o
 .mdebug.abi32  0x0000000000000000        0x0 ipc.o
 .mdebug.abi32  0x0000000000000000        0x0 hflibc.o
 .mdebug.abi32  0x0000000000000000        0x0 malloc.o
 .mdebug.abi32  0x0000000000000000        0x0 ukernel.o
 .mdebug.abi32  0x0000000000000000        0x0 mpsoc.o
 .mdebug.abi32  0x0000000000000000        0x0 filter1.o

.mdebug.abiN32
 *(.mdebug.abiN32)

.mdebug.abi64
 *(.mdebug.abi64)

.mdebug.abiO64
 *(.mdebug.abiO64)

.mdebug.eabi32
 *(.mdebug.eabi32)

.mdebug.eabi64
 *(.mdebug.eabi64)

.gcc_compiled_long32
 *(.gcc_compiled_long32)

.gcc_compiled_long64
 *(.gcc_compiled_long64)

/DISCARD/
 *(.note.GNU-stack)
 *(.gnu_debuglink)
 *(.gnu.lto_*)
OUTPUT(test.axf elf32-bigmips)
